==== pytest output ====
Fecha: 27/03/2026 16:54:18,13
[ERROR] Fallo al actualizar pip.
